// Jest Snapshot v1, https://goo.gl/fbAQLP

exports[`should render ResetPassword correctly 1`] = `
<WithStyles(ForwardRef(Container))
  component="main"
  maxWidth="sm"
>
  <WithStyles(CssBaseline) />
  <div
    className="makeStyles-resetPassword-1"
  >
    <WithStyles(ForwardRef(Avatar))
      className="makeStyles-avatar-2"
    >
      <LockOutlinedIcon />
    </WithStyles(ForwardRef(Avatar))>
    <WithStyles(ForwardRef(Typography))
      component="h1"
      variant="h5"
    >
      Reset Password
    </WithStyles(ForwardRef(Typography))>
    <ReactFinalForm
      onSubmit={[Function]}
      render={[Function]}
      validate={[Function]}
    />
  </div>
  <Styled(MuiBox)
    mt={8}
  >
    <Copyright />
  </Styled(MuiBox)>
</WithStyles(ForwardRef(Container))>
`;
