// Jest Snapshot v1, https://goo.gl/fbAQLP

exports[`should render ResetPassword correctly 1`] = `
<WithStyles(ForwardRef(Container))
  component="main"
  maxWidth="sm"
>
  <WithStyles(CssBaseline) />
  <div
    className="makeStyles-resetPassword-1"
  >
    <WithStyles(ForwardRef(Avatar))
      className="makeStyles-avatar-2"
    >
      <LockOutlinedIcon />
    </WithStyles(ForwardRef(Avatar))>
    <WithStyles(ForwardRef(Typography))
      component="h1"
      variant="h5"
    >
      Reset Password
    </WithStyles(ForwardRef(Typography))>
    <form
      className="makeStyles-form-3"
      onSubmit={[Function]}
    >
      <WithStyles(ForwardRef(TextField))
        autoComplete="current-password"
        fullWidth={true}
        id="outlined-password-input"
        label="New Password"
        margin="normal"
        name="password"
        onChange={[Function]}
        type="password"
        value=""
        variant="outlined"
      />
      <WithStyles(ForwardRef(TextField))
        autoComplete="current-password"
        fullWidth={true}
        id="outlined-password-input"
        label="Confirm New Password"
        margin="normal"
        name="confirmPassword"
        onChange={[Function]}
        type="password"
        value=""
        variant="outlined"
      />
      <Styled(MuiBox)>
        <WithStyles(ForwardRef(Typography))
          className="makeStyles-error-8"
          component="h2"
          variant="body1"
        />
      </Styled(MuiBox)>
      <WithStyles(ForwardRef(Button))
        className="makeStyles-submit-4"
        color="primary"
        fullWidth={true}
        onClick={[Function]}
        variant="contained"
      >
        Submit
      </WithStyles(ForwardRef(Button))>
    </form>
  </div>
  <Styled(MuiBox)
    mt={8}
  >
    <Copyright />
  </Styled(MuiBox)>
</WithStyles(ForwardRef(Container))>
`;

exports[`should render TextFiels correctly 1`] = `
<div
  className="MuiFormControl-root MuiTextField-root"
>
  <div
    className="MuiInputBase-root MuiInput-root MuiInput-underline MuiInputBase-formControl MuiInput-formControl"
    onClick={[Function]}
  >
    <input
      aria-invalid={false}
      autoFocus={false}
      className="MuiInputBase-input MuiInput-input"
      disabled={false}
      onAnimationStart={[Function]}
      onBlur={[Function]}
      onChange={[Function]}
      onFocus={[Function]}
      required={false}
      type="text"
    />
  </div>
</div>
`;
