// Jest Snapshot v1, https://goo.gl/fbAQLP

exports[`Render UpdatePassword properly 1`] = `
<WithStyles(ForwardRef(Container))
  component="main"
  maxWidth="sm"
>
  <WithStyles(CssBaseline) />
  <div
    className="makeStyles-resetPassword-1"
  >
    <WithStyles(ForwardRef(Avatar))
      className="makeStyles-avatar-2"
    >
      <LockOutlinedIcon />
    </WithStyles(ForwardRef(Avatar))>
    <WithStyles(ForwardRef(Typography))
      component="h1"
      variant="h5"
    >
      Update Password
    </WithStyles(ForwardRef(Typography))>
    <form
      className="makeStyles-form-3"
      onSubmit={[Function]}
    >
      <WithStyles(ForwardRef(TextField))
        autoComplete="current-password"
        data-test="oldPassword"
        fullWidth={true}
        id="outlined-password-input"
        label="Old Password"
        margin="normal"
        name="password"
        onChange={[Function]}
        type="password"
        value=""
        variant="outlined"
      />
      <WithStyles(ForwardRef(TextField))
        autoComplete="current-password"
        data-test="newPassword"
        fullWidth={true}
        id="outlined-password-input"
        label="New Password"
        margin="normal"
        name="password"
        onChange={[Function]}
        type="password"
        value=""
        variant="outlined"
      />
      <WithStyles(ForwardRef(TextField))
        autoComplete="current-password"
        data-test="confirmNewPassword"
        fullWidth={true}
        id="outlined-password-input"
        label="Confirm New Password"
        margin="normal"
        name="confirmPassword"
        onChange={[Function]}
        type="password"
        value=""
        variant="outlined"
      />
      <Styled(MuiBox)>
        <WithStyles(ForwardRef(Typography))
          className="makeStyles-error-8"
          component="h2"
          variant="body1"
        />
      </Styled(MuiBox)>
      <WithStyles(ForwardRef(Button))
        className="makeStyles-submit-4"
        color="primary"
        data-test="button"
        fullWidth={true}
        onClick={[Function]}
        variant="contained"
      >
        Submit
      </WithStyles(ForwardRef(Button))>
    </form>
  </div>
  <Styled(MuiBox)
    mt={8}
  >
    <Copyright />
  </Styled(MuiBox)>
</WithStyles(ForwardRef(Container))>
`;
